// Jest Snapshot v1, https://goo.gl/fbAQLP

exports[`<SubmitButton /> expect to render component 1`] = `
<styled.button
  onClick={[Function]}
>
  <styled.span>
    <FontAwesomeIcon
      border={false}
      className=""
      fixedWidth={false}
      flip={null}
      icon={
        Array [
          "fas",
          "circle",
        ]
      }
      inverse={false}
      listItem={false}
      mask={null}
      pull={null}
      pulse={false}
      rotation={null}
      size={null}
      spin={false}
      swapOpacity={false}
      symbol={false}
      title=""
      transform={null}
    />
  </styled.span>
  <styled.span>
     
    test
     
  </styled.span>
</styled.button>
`;
