// Jest Snapshot v1, https://goo.gl/fbAQLP

exports[`<FormError /> expect to render component 1`] = `
<styled.div>
  <FontAwesomeIcon
    border={false}
    className=""
    fixedWidth={false}
    flip={null}
    icon={
      Array [
        "fas",
        "exclamation-circle",
      ]
    }
    inverse={false}
    listItem={false}
    mask={null}
    pull={null}
    pulse={false}
    rotation={null}
    size={null}
    spin={false}
    swapOpacity={false}
    symbol={false}
    title=""
    transform={null}
  />
  <styled.span>
    test
  </styled.span>
</styled.div>
`;
