// Jest Snapshot v1, https://goo.gl/fbAQLP

exports[`<Loading /> expect to render component 1`] = `
<styled.div>
  <FontAwesomeIcon
    border={false}
    className="fa-pulse"
    fixedWidth={false}
    flip={null}
    icon={
      Array [
        "fas",
        "spinner",
      ]
    }
    inverse={false}
    listItem={false}
    mask={null}
    pull={null}
    pulse={false}
    rotation={null}
    size={null}
    spin={false}
    swapOpacity={false}
    symbol={false}
    title=""
    transform={null}
  />
  <styled.h2>
    Loading...
  </styled.h2>
</styled.div>
`;
